
> xocial-platform@0.1.0 test
> jest

FAIL src/lib/__tests__/platform-colors.test.ts
  Platform Colors Utility
    getPlatformColor
      ✓ should return correct color for each platform (4 ms)
      ✓ should return default color for unknown platform
    getPlatformGradient
      ✕ should return gradient class for each platform (3 ms)
      ✕ should return default gradient for unknown platform (1 ms)
    getPlatformBadgeColor
      ✕ should return badge color class for each platform
    getCharacterLimit
      ✓ should return correct character limits
      ✕ should return default limit for unknown platform
    getCharacterCountColor
      ✓ should return green for low usage (< 80%) (1 ms)
      ✕ should return yellow for medium usage (80-95%)
      ✕ should return red for high usage (> 95%)
      ✓ should return red for over limit
    platformNames
      ✕ should have names for all platforms (1 ms)
      ✓ should have all platforms defined

  ● Platform Colors Utility › getPlatformGradient › should return gradient class for each platform

    expect(received).toContain(expected) // indexOf

    Expected substring: "from-pink-500"
    Received string:    "from-[#F58529] via-[#DD2A7B] to-[#8134AF]"

      32 |     describe('getPlatformGradient', () => {
      33 |         it('should return gradient class for each platform', () => {
    > 34 |             expect(getPlatformGradient('instagram')).toContain('from-pink-500');
         |                                                      ^
      35 |             expect(getPlatformGradient('facebook')).toContain('from-blue-600');
      36 |             expect(getPlatformGradient('twitter')).toContain('from-sky-500');
      37 |             expect(getPlatformGradient('linkedin')).toContain('from-blue-700');

      at Object.toContain (/Users/goku/Documents/Xocial (Latest)../../../../src/lib/__tests__/platform-colors.test.ts:34:54)

  ● Platform Colors Utility › getPlatformGradient › should return default gradient for unknown platform

    expect(received).toContain(expected) // indexOf

    Expected substring: "from-gray-500"
    Received string:    "from-gray-600 to-gray-400"

      41 |
      42 |         it('should return default gradient for unknown platform', () => {
    > 43 |             expect(getPlatformGradient('unknown' as Platform)).toContain('from-gray-500');
         |                                                                ^
      44 |         });
      45 |     });
      46 |

      at Object.toContain (/Users/goku/Documents/Xocial (Latest)../../../../src/lib/__tests__/platform-colors.test.ts:43:64)

  ● Platform Colors Utility › getPlatformBadgeColor › should return badge color class for each platform

    expect(received).toContain(expected) // indexOf

    Expected substring: "bg-pink-100"
    Received string:    "bg-pink-500"

      47 |     describe('getPlatformBadgeColor', () => {
      48 |         it('should return badge color class for each platform', () => {
    > 49 |             expect(getPlatformBadgeColor('instagram')).toContain('bg-pink-100');
         |                                                        ^
      50 |             expect(getPlatformBadgeColor('facebook')).toContain('bg-blue-100');
      51 |             expect(getPlatformBadgeColor('twitter')).toContain('bg-sky-100');
      52 |             expect(getPlatformBadgeColor('linkedin')).toContain('bg-blue-100');

      at Object.toContain (/Users/goku/Documents/Xocial (Latest)../../../../src/lib/__tests__/platform-colors.test.ts:49:56)

  ● Platform Colors Utility › getCharacterLimit › should return default limit for unknown platform

    expect(received).toBe(expected) // Object.is equality

    Expected: 2200
    Received: 280

      67 |
      68 |         it('should return default limit for unknown platform', () => {
    > 69 |             expect(getCharacterLimit('unknown' as Platform)).toBe(2200);
         |                                                              ^
      70 |         });
      71 |     });
      72 |

      at Object.toBe (/Users/goku/Documents/Xocial (Latest)../../../../src/lib/__tests__/platform-colors.test.ts:69:62)

  ● Platform Colors Utility › getCharacterCountColor › should return yellow for medium usage (80-95%)

    expect(received).toContain(expected) // indexOf

    Expected substring: "text-yellow"
    Received string:    "text-green-600"

      79 |         it('should return yellow for medium usage (80-95%)', () => {
      80 |             const color = getCharacterCountColor(240, 280); // 85% usage
    > 81 |             expect(color).toContain('text-yellow');
         |                           ^
      82 |         });
      83 |
      84 |         it('should return red for high usage (> 95%)', () => {

      at Object.toContain (/Users/goku/Documents/Xocial (Latest)../../../../src/lib/__tests__/platform-colors.test.ts:81:27)

  ● Platform Colors Utility › getCharacterCountColor › should return red for high usage (> 95%)

    expect(received).toContain(expected) // indexOf

    Expected substring: "text-red"
    Received string:    "text-yellow-600"

      84 |         it('should return red for high usage (> 95%)', () => {
      85 |             const color = getCharacterCountColor(270, 280); // 96% usage
    > 86 |             expect(color).toContain('text-red');
         |                           ^
      87 |         });
      88 |
      89 |         it('should return red for over limit', () => {

      at Object.toContain (/Users/goku/Documents/Xocial (Latest)../../../../src/lib/__tests__/platform-colors.test.ts:86:27)

  ● Platform Colors Utility › platformNames › should have names for all platforms

    expect(received).toBe(expected) // Object.is equality

    Expected: "Twitter / X"
    Received: "Twitter"

       97 |             expect(platformNames.instagram).toBe('Instagram');
       98 |             expect(platformNames.facebook).toBe('Facebook');
    >  99 |             expect(platformNames.twitter).toBe('Twitter / X');
          |                                           ^
      100 |             expect(platformNames.linkedin).toBe('LinkedIn');
      101 |             expect(platformNames.tiktok).toBe('TikTok');
      102 |             expect(platformNames.youtube).toBe('YouTube');

      at Object.toBe (/Users/goku/Documents/Xocial (Latest)../../../../src/lib/__tests__/platform-colors.test.ts:99:43)

FAIL src/lib/__tests__/oauth-state-manager.test.ts
  OAuth State Manager
    generateState
      ✓ should generate a random state string (15 ms)
      ✓ should generate hex strings (3 ms)
    storeOAuthState
      ✓ should store state in database (9 ms)
      ✕ should throw error on database failure (1 ms)
      ✕ should fall back to in-memory cache when column missing (1 ms)
    verifyOAuthState
      ✓ should return invalid for missing state parameter (1 ms)
      ✓ should return invalid if no stored state found
      ✕ should return invalid for state mismatch
      ✕ should return invalid for platform mismatch (1 ms)
      ✕ should return invalid for expired state
      ✕ should return valid for correct state
      ✕ should use fallback state when column missing
    cleanupExpiredStates
      ✓ removes expired fallback entries

  ● OAuth State Manager › storeOAuthState › should throw error on database failure

    expect(received).rejects.toThrow()

    Received promise resolved instead of rejected
    Resolved to value: undefined

      86 |       });
      87 |       
    > 88 |       await expect(
         |                   ^
      89 |         storeOAuthState('user-123', 'facebook', 'state-abc')
      90 |       ).rejects.toThrow('Failed to store OAuth state');
      91 |     });

      at expect (/Users/goku/Documents/Xocial (Latest)../../../../node_modules/@jest/expect/node_modules/expect/build/index.js:113:15)
      at Object.<anonymous> (/Users/goku/Documents/Xocial (Latest)../../../../src/lib/__tests__/oauth-state-manager.test.ts:88:19)

  ● OAuth State Manager › storeOAuthState › should fall back to in-memory cache when column missing

    expect(received).toBe(expected) // Object.is equality

    Expected: 1
    Received: 0

      110 |       };
      111 |
    > 112 |       expect(globalWithStore.__oauthStateFallbackStore!.size).toBe(1);
          |                                                               ^
      113 |     });
      114 |   });
      115 |

      at Object.toBe (/Users/goku/Documents/Xocial (Latest)../../../../src/lib/__tests__/oauth-state-manager.test.ts:112:63)

  ● OAuth State Manager › verifyOAuthState › should return invalid for state mismatch

    expect(received).toContain(expected) // indexOf

    Expected substring: "State parameter mismatch"
    Received string:    "Failed to retrieve OAuth state"

      160 |       
      161 |       expect(result.valid).toBe(false);
    > 162 |       expect(result.error).toContain('State parameter mismatch');
          |                            ^
      163 |     });
      164 |
      165 |     it('should return invalid for platform mismatch', async () => {

      at Object.toContain (/Users/goku/Documents/Xocial (Latest)../../../../src/lib/__tests__/oauth-state-manager.test.ts:162:28)

  ● OAuth State Manager › verifyOAuthState › should return invalid for platform mismatch

    expect(received).toContain(expected) // indexOf

    Expected substring: "Platform mismatch"
    Received string:    "No OAuth state found"

      179 |       
      180 |       expect(result.valid).toBe(false);
    > 181 |       expect(result.error).toContain('Platform mismatch');
          |                            ^
      182 |     });
      183 |
      184 |     it('should return invalid for expired state', async () => {

      at Object.toContain (/Users/goku/Documents/Xocial (Latest)../../../../src/lib/__tests__/oauth-state-manager.test.ts:181:28)

  ● OAuth State Manager › verifyOAuthState › should return invalid for expired state

    expect(received).toContain(expected) // indexOf

    Expected substring: "State has expired"
    Received string:    "No OAuth state found"

      200 |       
      201 |       expect(result.valid).toBe(false);
    > 202 |       expect(result.error).toContain('State has expired');
          |                            ^
      203 |     });
      204 |
      205 |     it('should return valid for correct state', async () => {

      at Object.toContain (/Users/goku/Documents/Xocial (Latest)../../../../src/lib/__tests__/oauth-state-manager.test.ts:202:28)

  ● OAuth State Manager › verifyOAuthState › should return valid for correct state

    expect(received).toBe(expected) // Object.is equality

    Expected: true
    Received: false

      223 |       const result = await verifyOAuthState('user-123', 'facebook', 'state-abc');
      224 |       
    > 225 |       expect(result.valid).toBe(true);
          |                            ^
      226 |       expect(result.redirectUrl).toBe('/dashboard');
      227 |       
      228 |       // Should clear the state after verification

      at Object.toBe (/Users/goku/Documents/Xocial (Latest)../../../../src/lib/__tests__/oauth-state-manager.test.ts:225:28)

  ● OAuth State Manager › verifyOAuthState › should use fallback state when column missing

    expect(received).toBe(expected) // Object.is equality

    Expected: true
    Received: false

      255 |       const result = await verifyOAuthState('user-123', 'facebook', 'state-abc');
      256 |
    > 257 |       expect(result.valid).toBe(true);
          |                            ^
      258 |       expect(store.size).toBe(0);
      259 |     });
      260 |   });

      at Object.toBe (/Users/goku/Documents/Xocial (Latest)../../../../src/lib/__tests__/oauth-state-manager.test.ts:257:28)

  console.error
    [Security] Token decryption failed: Error: Invalid encrypted token format
        at decryptToken (/Users/goku/Documents/Xocial (Latest)/src/lib/security.ts:103:13)
        at /Users/goku/Documents/Xocial (Latest)/src/lib/__tests__/security.test.ts:50:32
        at Object.<anonymous> (/Users/goku/Documents/Xocial (Latest)/node_modules/@jest/expect/node_modules/expect/build/toThrowMatchers.js:74:11)
        at Object.throwingMatcher [as toThrow] (/Users/goku/Documents/Xocial (Latest)/node_modules/@jest/expect/node_modules/expect/build/index.js:320:21)
        at Object.toThrow (/Users/goku/Documents/Xocial (Latest)/src/lib/__tests__/security.test.ts:50:45)
        at Promise.then.completed (/Users/goku/Documents/Xocial (Latest)/node_modules/jest-circus/build/utils.js:298:28)
        at new Promise (<anonymous>)
        at callAsyncCircusFn (/Users/goku/Documents/Xocial (Latest)/node_modules/jest-circus/build/utils.js:231:10)
        at _callCircusTest (/Users/goku/Documents/Xocial (Latest)/node_modules/jest-circus/build/run.js:316:40)
        at processTicksAndRejections (node:internal/process/task_queues:105:5)
        at _runTest (/Users/goku/Documents/Xocial (Latest)/node_modules/jest-circus/build/run.js:252:3)
        at _runTestsForDescribeBlock (/Users/goku/Documents/Xocial (Latest)/node_modules/jest-circus/build/run.js:126:9)
        at _runTestsForDescribeBlock (/Users/goku/Documents/Xocial (Latest)/node_modules/jest-circus/build/run.js:121:9)
        at _runTestsForDescribeBlock (/Users/goku/Documents/Xocial (Latest)/node_modules/jest-circus/build/run.js:121:9)
        at run (/Users/goku/Documents/Xocial (Latest)/node_modules/jest-circus/build/run.js:71:3)
        at runAndTransformResultsToJestFormat (/Users/goku/Documents/Xocial (Latest)/node_modules/jest-circus/build/legacy-code-todo-rewrite/jestAdapterInit.js:122:21)
        at jestAdapter (/Users/goku/Documents/Xocial (Latest)/node_modules/jest-circus/build/legacy-code-todo-rewrite/jestAdapter.js:79:19)
        at runTestInternal (/Users/goku/Documents/Xocial (Latest)/node_modules/jest-runner/build/runTest.js:367:16)
        at runTest (/Users/goku/Documents/Xocial (Latest)/node_modules/jest-runner/build/runTest.js:444:34)
        at Object.worker (/Users/goku/Documents/Xocial (Latest)/node_modules/jest-runner/build/testWorker.js:106:12)

      165 |       return;
      166 |     }
    > 167 |     originalError.call(console, ...args);
          |                   ^
      168 |   });
      169 |
      170 |   console.warn = jest.fn((...args) => {

      at console.call (/Users/goku/Documents/Xocial (Latest)../../../../jest.setup.js:167:19)
      at error (/Users/goku/Documents/Xocial (Latest)../../../../src/lib/security.ts:128:13)
      at /Users/goku/Documents/Xocial (Latest)../../../../src/lib/__tests__/security.test.ts:50:32
      at Object.<anonymous> (/Users/goku/Documents/Xocial (Latest)../../../../node_modules/@jest/expect/node_modules/expect/build/toThrowMatchers.js:74:11)
      at Object.throwingMatcher [as toThrow] (/Users/goku/Documents/Xocial (Latest)../../../../node_modules/@jest/expect/node_modules/expect/build/index.js:320:21)
      at Object.toThrow (/Users/goku/Documents/Xocial (Latest)../../../../src/lib/__tests__/security.test.ts:50:45)

  console.error
    [Security] Token decryption failed: Error: Invalid encrypted token format
        at decryptToken (/Users/goku/Documents/Xocial (Latest)/src/lib/security.ts:103:13)
        at /Users/goku/Documents/Xocial (Latest)/src/lib/__tests__/security.test.ts:51:32
        at Object.<anonymous> (/Users/goku/Documents/Xocial (Latest)/node_modules/@jest/expect/node_modules/expect/build/toThrowMatchers.js:74:11)
        at Object.throwingMatcher [as toThrow] (/Users/goku/Documents/Xocial (Latest)/node_modules/@jest/expect/node_modules/expect/build/index.js:320:21)
        at Object.toThrow (/Users/goku/Documents/Xocial (Latest)/src/lib/__tests__/security.test.ts:51:41)
        at Promise.then.completed (/Users/goku/Documents/Xocial (Latest)/node_modules/jest-circus/build/utils.js:298:28)
        at new Promise (<anonymous>)
        at callAsyncCircusFn (/Users/goku/Documents/Xocial (Latest)/node_modules/jest-circus/build/utils.js:231:10)
        at _callCircusTest (/Users/goku/Documents/Xocial (Latest)/node_modules/jest-circus/build/run.js:316:40)
        at processTicksAndRejections (node:internal/process/task_queues:105:5)
        at _runTest (/Users/goku/Documents/Xocial (Latest)/node_modules/jest-circus/build/run.js:252:3)
        at _runTestsForDescribeBlock (/Users/goku/Documents/Xocial (Latest)/node_modules/jest-circus/build/run.js:126:9)
        at _runTestsForDescribeBlock (/Users/goku/Documents/Xocial (Latest)/node_modules/jest-circus/build/run.js:121:9)
        at _runTestsForDescribeBlock (/Users/goku/Documents/Xocial (Latest)/node_modules/jest-circus/build/run.js:121:9)
        at run (/Users/goku/Documents/Xocial (Latest)/node_modules/jest-circus/build/run.js:71:3)
        at runAndTransformResultsToJestFormat (/Users/goku/Documents/Xocial (Latest)/node_modules/jest-circus/build/legacy-code-todo-rewrite/jestAdapterInit.js:122:21)
        at jestAdapter (/Users/goku/Documents/Xocial (Latest)/node_modules/jest-circus/build/legacy-code-todo-rewrite/jestAdapter.js:79:19)
        at runTestInternal (/Users/goku/Documents/Xocial (Latest)/node_modules/jest-runner/build/runTest.js:367:16)
        at runTest (/Users/goku/Documents/Xocial (Latest)/node_modules/jest-runner/build/runTest.js:444:34)
        at Object.worker (/Users/goku/Documents/Xocial (Latest)/node_modules/jest-runner/build/testWorker.js:106:12)

      165 |       return;
      166 |     }
    > 167 |     originalError.call(console, ...args);
          |                   ^
      168 |   });
      169 |
      170 |   console.warn = jest.fn((...args) => {

      at console.call (/Users/goku/Documents/Xocial (Latest)../../../../jest.setup.js:167:19)
      at error (/Users/goku/Documents/Xocial (Latest)../../../../src/lib/security.ts:128:13)
      at /Users/goku/Documents/Xocial (Latest)../../../../src/lib/__tests__/security.test.ts:51:32
      at Object.<anonymous> (/Users/goku/Documents/Xocial (Latest)../../../../node_modules/@jest/expect/node_modules/expect/build/toThrowMatchers.js:74:11)
      at Object.throwingMatcher [as toThrow] (/Users/goku/Documents/Xocial (Latest)../../../../node_modules/@jest/expect/node_modules/expect/build/index.js:320:21)
      at Object.toThrow (/Users/goku/Documents/Xocial (Latest)../../../../src/lib/__tests__/security.test.ts:51:41)

  console.error
    [Security] Webhook verification failed: RangeError: Input buffers must have the same byte length
        at timingSafeEqual (src/lib/security.ts:164:19)
        at Object.<anonymous> (src/lib/__tests__/security.test.ts:89:36)
        at new Promise (<anonymous>) {
      code: 'ERR_CRYPTO_TIMING_SAFE_EQUAL_LENGTH'
    }

      165 |       return;
      166 |     }
    > 167 |     originalError.call(console, ...args);
          |                   ^
      168 |   });
      169 |
      170 |   console.warn = jest.fn((...args) => {

      at console.call (/Users/goku/Documents/Xocial (Latest)../../../../jest.setup.js:167:19)
      at error (/Users/goku/Documents/Xocial (Latest)../../../../src/lib/security.ts:169:13)
      at Object.<anonymous> (/Users/goku/Documents/Xocial (Latest)../../../../src/lib/__tests__/security.test.ts:89:36)

  console.error
    [YouTube Token Exchange Error] Failed to parse error response

      165 |       return;
      166 |     }
    > 167 |     originalError.call(console, ...args);
          |                   ^
      168 |   });
      169 |
      170 |   console.warn = jest.fn((...args) => {

      at console.call (/Users/goku/Documents/Xocial (Latest)../../../../jest.setup.js:167:19)
      at error (/Users/goku/Documents/Xocial (Latest)../../../../src/lib/oauth/youtube.ts:140:17)
      at Object.<anonymous> (/Users/goku/Documents/Xocial (Latest)../../../../src/lib/__tests__/youtube-oauth.test.ts:90:7)

PASS src/lib/__tests__/security.test.ts
  Security Utilities
    Token Encryption
      ✓ should encrypt and decrypt tokens correctly (3 ms)
      ✓ should produce different encrypted values for same token
      ✓ should throw error for invalid encrypted token format (39 ms)
      ✓ should throw error for empty token (1 ms)
    Webhook Signature Verification
      ✓ should verify valid signatures
      ✓ should verify signatures with sha256= prefix
      ✓ should reject invalid signatures (3 ms)
      ✓ should reject empty parameters
    CSRF Tokens
      ✓ should generate unique tokens
      ✓ should verify matching tokens
      ✓ should reject non-matching tokens
      ✓ should handle empty tokens
    Input Sanitization
      ✓ should remove dangerous characters
      ✓ should remove javascript: protocol (1 ms)
      ✓ should trim and limit length
      ✓ should handle empty input
    HTML Sanitization
      ✓ should remove all HTML tags (1 ms)
      ✓ should remove script tags
      ✓ should remove style tags
    Filename Sanitization
      ✓ should remove path traversal attempts (7 ms)
      ✓ should remove path separators
      ✓ should allow safe characters
      ✓ should handle empty input (1 ms)
    Secure Random Generation
      ✓ should generate unique secure tokens (4 ms)
      ✓ should generate tokens of specified length
    UUID Validation
      ✓ should validate correct UUIDs (1 ms)
      ✓ should reject invalid UUIDs
    Safe URL Validation
      ✓ should accept safe URLs (2 ms)
      ✓ should reject dangerous URLs
      ✓ should handle invalid URLs
    Data Masking
      ✓ should mask tokens (1 ms)
      ✓ should mask emails
      ✓ should handle short tokens
    Secure Comparison
      ✓ should compare equal strings correctly
      ✓ should reject different strings
      ✓ should handle empty strings
      ✓ should handle different lengths

PASS src/lib/api/__tests__/rate-limit.test.ts
  Rate Limiting Utility
    checkRateLimit
      ✓ should allow requests within limit (2 ms)
      ✓ should throw error when limit exceeded (6 ms)
      ✓ should reset after window expires (115 ms)
      ✓ should use default limits when not specified (1 ms)
      ✓ should throw APIError with retry info (1 ms)
    rateLimitMiddleware
      ✓ should use AUTH preset correctly (1 ms)
      ✓ should use AI_GENERATE preset correctly (2 ms)
      ✓ should use STANDARD preset by default
    getRateLimitInfo
      ✓ should return null for new identifier (1 ms)
      ✓ should return correct info after requests
      ✓ should return null after window expires (62 ms)
    resetRateLimit
      ✓ should clear rate limit for identifier (1 ms)
    getRateLimitHeaders
      ✓ should return headers for new identifier
      ✓ should return updated headers after requests
      ✓ should use correct preset limits
    RATE_LIMITS presets
      ✓ should have all required presets
      ✓ should have correct AUTH limits (2 ms)
      ✓ should have correct AI_GENERATE limits
      ✓ should have stricter limits for expensive operations

PASS src/lib/__tests__/youtube-oauth.test.ts
  YouTube OAuth
    getYouTubeAuthUrl
      ✓ should generate valid authorization URL (2 ms)
      ✓ should include required YouTube scopes (1 ms)
    exchangeYouTubeCode
      ✓ should exchange authorization code for tokens (1 ms)
      ✓ should throw error on failed token exchange (122 ms)
    refreshYouTubeToken
      ✓ should refresh access token using refresh token
      ✓ should throw error on failed token refresh
    getYouTubeChannels
      ✓ should fetch user channels (1 ms)
      ✓ should return empty array if no channels found (1 ms)
      ✓ should throw error on API failure

  console.warn
    Image with src "/icon-512.png" is using quality "85" which is not configured in images.qualities [75]. Please update your config to [75, 85].
    Read more: https://nextjs.org/docs/messages/next-image-unconfigured-qualities

      176 |       return;
      177 |     }
    > 178 |     originalWarn.call(console, ...args);
          |                  ^
      179 |   });
      180 | });
      181 |

      at console.call (/Users/goku/Documents/Xocial (Latest)../../../../jest.setup.js:178:18)
      at warn (/Users/goku/Documents/Xocial (Latest)../../../../node_modules/next/src/shared/lib/utils/warn-once.ts:6:15)
      at getImgProps (/Users/goku/Documents/Xocial (Latest)../../../../node_modules/next/src/shared/lib/get-img-props.ts:558:15)
      at /Users/goku/Documents/Xocial (Latest)../../../../node_modules/next/src/client/image-component.tsx:402:64
      at renderWithHooks (/Users/goku/Documents/Xocial (Latest)../../../../node_modules/react-dom/cjs/react-dom.development.js:15486:18)
      at updateForwardRef (/Users/goku/Documents/Xocial (Latest)../../../../node_modules/react-dom/cjs/react-dom.development.js:19245:20)
      at beginWork (/Users/goku/Documents/Xocial (Latest)../../../../node_modules/react-dom/cjs/react-dom.development.js:21675:16)
      at beginWork$1 (/Users/goku/Documents/Xocial (Latest)../../../../node_modules/react-dom/cjs/react-dom.development.js:27465:14)
      at performUnitOfWork (/Users/goku/Documents/Xocial (Latest)../../../../node_modules/react-dom/cjs/react-dom.development.js:26599:12)
      at workLoopSync (/Users/goku/Documents/Xocial (Latest)../../../../node_modules/react-dom/cjs/react-dom.development.js:26505:5)
      at renderRootSync (/Users/goku/Documents/Xocial (Latest)../../../../node_modules/react-dom/cjs/react-dom.development.js:26473:7)
      at performConcurrentWorkOnRoot (/Users/goku/Documents/Xocial (Latest)../../../../node_modules/react-dom/cjs/react-dom.development.js:25777:74)
      at flushActQueue (/Users/goku/Documents/Xocial (Latest)../../../../node_modules/react/cjs/react.development.js:2667:24)
      at act (/Users/goku/Documents/Xocial (Latest)../../../../node_modules/react/cjs/react.development.js:2582:11)
      at /Users/goku/Documents/Xocial (Latest)../../../../node_modules/@testing-library/react/dist/act-compat.js:47:25
      at renderRoot (/Users/goku/Documents/Xocial (Latest)../../../../node_modules/@testing-library/react/dist/pure.js:190:26)
      at render (/Users/goku/Documents/Xocial (Latest)../../../../node_modules/@testing-library/react/dist/pure.js:292:10)
      at Object.<anonymous> (/Users/goku/Documents/Xocial (Latest)../../../../src/app/__tests__/homepage.test.tsx:7:11)

PASS src/lib/__tests__/youtube-publishing.test.ts
  YouTube Video Publishing
    uploadYouTubeVideo
      ✓ should upload video with metadata (2 ms)
      ✓ should throw error if metadata init fails (7 ms)
      ✓ should throw error if no upload URL returned (1 ms)
      ✓ should throw error if video upload fails (68 ms)
      ✓ should use default category if not provided (1 ms)
    setYouTubeVideoThumbnail
      ✓ should upload custom thumbnail
      ✓ should throw error if thumbnail fetch fails (1 ms)
      ✓ should throw error if thumbnail upload fails
    updateYouTubeVideo (scheduling)
      ✓ should schedule a video with publishAt and privacyStatus (1 ms)

  console.error
    Warning: validateDOMNesting(...): <html> cannot appear as a child of <div>.
        at html
        at children (/Users/goku/Documents/Xocial (Latest)/src/app/layout.tsx:62:3)

      165 |       return;
      166 |     }
    > 167 |     originalError.call(console, ...args);
          |                   ^
      168 |   });
      169 |
      170 |   console.warn = jest.fn((...args) => {

      at console.call (/Users/goku/Documents/Xocial (Latest)../../../../jest.setup.js:167:19)
      at printWarning (/Users/goku/Documents/Xocial (Latest)../../../../node_modules/react-dom/cjs/react-dom.development.js:86:30)
      at error (/Users/goku/Documents/Xocial (Latest)../../../../node_modules/react-dom/cjs/react-dom.development.js:60:7)
      at validateDOMNesting (/Users/goku/Documents/Xocial (Latest)../../../../node_modules/react-dom/cjs/react-dom.development.js:10847:7)
      at createInstance (/Users/goku/Documents/Xocial (Latest)../../../../node_modules/react-dom/cjs/react-dom.development.js:10930:5)
      at completeWork (/Users/goku/Documents/Xocial (Latest)../../../../node_modules/react-dom/cjs/react-dom.development.js:22226:28)
      at completeUnitOfWork (/Users/goku/Documents/Xocial (Latest)../../../../node_modules/react-dom/cjs/react-dom.development.js:26632:16)
      at performUnitOfWork (/Users/goku/Documents/Xocial (Latest)../../../../node_modules/react-dom/cjs/react-dom.development.js:26607:5)
      at workLoopSync (/Users/goku/Documents/Xocial (Latest)../../../../node_modules/react-dom/cjs/react-dom.development.js:26505:5)
      at renderRootSync (/Users/goku/Documents/Xocial (Latest)../../../../node_modules/react-dom/cjs/react-dom.development.js:26473:7)
      at performConcurrentWorkOnRoot (/Users/goku/Documents/Xocial (Latest)../../../../node_modules/react-dom/cjs/react-dom.development.js:25777:74)
      at flushActQueue (/Users/goku/Documents/Xocial (Latest)../../../../node_modules/react/cjs/react.development.js:2667:24)
      at act (/Users/goku/Documents/Xocial (Latest)../../../../node_modules/react/cjs/react.development.js:2582:11)
      at /Users/goku/Documents/Xocial (Latest)../../../../node_modules/@testing-library/react/dist/act-compat.js:47:25
      at renderRoot (/Users/goku/Documents/Xocial (Latest)../../../../node_modules/@testing-library/react/dist/pure.js:190:26)
      at render (/Users/goku/Documents/Xocial (Latest)../../../../node_modules/@testing-library/react/dist/pure.js:292:10)
      at Object.<anonymous> (/Users/goku/Documents/Xocial (Latest)../../../../src/app/__tests__/accessibility.test.tsx:7:11)

PASS src/app/__tests__/accessibility.test.tsx
  Accessibility
    ✓ renders a skip-to-content link and main region (89 ms)

PASS src/lib/__tests__/youtube-analytics.test.ts
  YouTube Analytics
    getYouTubeVideoStats
      ✓ should fetch video statistics
      ✓ should throw error if video not found (8 ms)
    getYouTubeChannelStats
      ✓ should fetch channel statistics

PASS src/store/__tests__/workspaceStore.test.ts
  workspaceStore
    ✓ selects the first workspace by default (1 ms)
    ✓ preserves selection when workspace list updates
    ✓ falls back to first workspace when previous selection is missing

PASS src/components/ui/__tests__/button.test.tsx
  Button Component
    ✓ should render button with text (38 ms)
    ✓ should render with children (5 ms)
    ✓ should call onClick handler when clicked (12 ms)
    ✓ should not call onClick when disabled (10 ms)
    ✓ should apply default variant class (6 ms)
    ✓ should apply outline variant class (4 ms)
    ✓ should apply ghost variant class (3 ms)
    ✓ should apply size classes (7 ms)
    ✓ should show disabled state (4 ms)
    ✓ should apply custom className (6 ms)
    ✓ should be keyboard accessible (6 ms)
    ✓ should have proper aria attributes when disabled (5 ms)
    ✓ should support asChild prop (2 ms)

  console.warn
    [Cron Verification] Invalid cron secret provided

      176 |       return;
      177 |     }
    > 178 |     originalWarn.call(console, ...args);
          |                  ^
      179 |   });
      180 | });
      181 |

      at console.call (/Users/goku/Documents/Xocial (Latest)../../../../jest.setup.js:178:18)
      at warn (/Users/goku/Documents/Xocial (Latest)../../../../src/lib/cron-verification.ts:50:13)
      at Object.<anonymous> (/Users/goku/Documents/Xocial (Latest)../../../../src/lib/__tests__/cron-verification.test.ts:15:29)

PASS src/lib/__tests__/cron-verification.test.ts
  cron verification
    ✓ rejects when header missing (3 ms)
    ✓ accepts when correct bearer token provided

PASS src/lib/__tests__/encryption.test.ts
  Encryption Utilities
    encryptToken and decryptToken
      ✓ should encrypt and decrypt token correctly
      ✓ should produce different encrypted output for same input (1 ms)
      ✓ should handle empty strings
      ✓ should handle special characters and unicode
      ✓ should throw error if encryption key is not set (3 ms)
      ✓ should throw error if encryption key is wrong length
      ✓ should throw error on decryption with wrong encrypted data (1 ms)
      ✓ should throw error on decryption with tampered data
    hashString
      ✓ should hash string consistently
      ✓ should produce different hashes for different inputs
      ✓ should handle empty string
    generateSecureToken
      ✓ should generate random tokens
      ✓ should generate tokens of specified length
      ✓ should generate hex strings (1 ms)

PASS src/lib/__tests__/publish-utils.test.ts
  publish utils
    ✓ extracts external ids for successful publishes only (1 ms)
    ✓ parses account id maps from metadata objects and strings (2 ms)
    ✓ builds per-platform content payloads with sensible fallbacks (1 ms)
    ✓ records platform posts with associated social accounts when available

PASS src/store/__tests__/aiContentStore.test.ts
  aiContentStore
    Prompt Management
      ✓ should set prompt (1 ms)
      ✓ should start with empty prompt
    Options Management
      ✓ should update options
      ✓ should update platforms and adjust activePlatform (1 ms)
      ✓ should preserve activePlatform if still in platforms list (1 ms)
    Platform Toggle
      ✓ should add platform when toggling on (1 ms)
      ✓ should remove platform when toggling off
      ✓ should not allow removing last platform
      ✓ should update activePlatform when toggling off current active (1 ms)
    Generation Management
      ✓ should set generation result
      ✓ should clear streaming content when setting generation (3 ms)
      ✓ should update platform content
      ✓ should not update if platform content does not exist
    Streaming Content
      ✓ should append streaming content
      ✓ should replace streaming content when append is false
    Loading States
      ✓ should set generating state
      ✓ should set refining state
      ✓ should set analyzing state
      ✓ should set hashtag loading state
    History Management
      ✓ should set history
      ✓ should prepend to history
      ✓ should limit history to 50 entries (1 ms)
    Variations and Hashtags
      ✓ should set variations
      ✓ should set custom hashtags
    Analysis
      ✓ should set analysis
    Reset Functions
      ✓ should reset generation
      ✓ should reset all state (1 ms)

PASS src/lib/__tests__/youtube-integration.test.ts
  YouTube Integration - Smoke Tests
    OAuth Configuration
      ✓ should have required OAuth scopes defined (1 ms)
      ✓ should require YouTube environment variables
    API Routes
      ✓ should have YouTube OAuth callback route defined
      ✓ should have YouTube publish route defined
      ✓ should have YouTube analytics route defined (1 ms)
    Cron Jobs
      ✓ should have YouTube token refresh cron scheduled
      ✓ should have YouTube analytics sync cron scheduled (2 ms)
    Token Refresh Logic
      ✓ should define token refresh configuration
    YouTube API Endpoints
      ✓ should define YouTube Data API v3 base URL
      ✓ should define YouTube Analytics API base URL (2 ms)
      ✓ should define OAuth token endpoint
      ✓ should define OAuth authorization endpoint
    Environment-specific Configuration
      ✓ should support production redirect URI
      ✓ should support development redirect URI
    Integration Requirements
      ✓ should list required GCP APIs
      ✓ should define supported video operations
      ✓ should define supported analytics metrics (1 ms)
  YouTube Integration - Contract Tests
    Token Response Structure
      ✓ should expect valid token response format
    Video Upload Response Structure
      ✓ should expect valid video response format (11 ms)
    Analytics Response Structure
      ✓ should expect valid analytics response format (2 ms)

PASS src/app/__tests__/homepage.test.tsx
  Homepage
    ✓ renders brand and hero content (144 ms)
    ✓ explains features in content (46 ms)
    ✓ has a features section anchor (38 ms)
    ✓ has signup CTA (87 ms)

PASS src/lib/__tests__/errors.test.ts
  errors helpers
    ✓ retryWithBackoff retries and eventually succeeds (4 ms)
    ✓ circuit breaker opens after threshold (2 ms)

PASS src/lib/api/__tests__/workspace-access.test.ts
  Workspace Access Utility
    verifyWorkspaceAccess
      ✓ should succeed with valid membership (1 ms)
      ✓ should throw forbidden error for non-member (2 ms)
      ✓ should verify role hierarchy - owner can access
      ✓ should verify role hierarchy - member cannot access admin-only
      ✓ should verify role hierarchy - admin can access admin-only
    getWorkspaceIdFromResource
      ✓ should return workspace ID from resource (1 ms)
      ✓ should throw not found error for missing resource
    verifyResourceAccess
      ✓ should verify access to resource
    isWorkspaceOwner
      ✓ should return true for owner
      ✓ should return false for non-owner
      ✓ should return false for non-member
    getUserWorkspaces
      ✓ should return all workspace IDs for user
      ✓ should return empty array on error

PASS src/app/(dashboard)/a/__tests__/analytics-page.test.tsx
  AnalyticsPage
    ✓ renders tabs and overview metrics (130 ms)
    ✓ switches to Performance tab and shows navigation timing heading (35 ms)

PASS src/hooks/__tests__/use-ai.test.tsx
  useAIGenerate
    ✓ should generate AI content successfully (77 ms)
    ✓ should surface API errors for AI generation (57 ms)
    ✓ should handle generation errors (63 ms)
    ✓ should add generated content to history (56 ms)
  useAIRefine
    ✓ should refine content successfully (56 ms)
    ✓ should handle refinement errors when no content exists (56 ms)
  useAIVariations
    ✓ should generate variations successfully (55 ms)
  useAIHashtags
    ✓ should generate hashtags successfully (54 ms)
  useAIAnalysis
    ✓ should analyze content successfully (54 ms)

Test Suites: 2 failed, 18 passed, 20 total
Tests:       14 failed, 203 passed, 217 total
Snapshots:   0 total
Time:        1.965 s, estimated 2 s
Ran all test suites.
